
Attaching package: 'dplyr'

The following objects are masked from 'package:stats':

    filter, lag

The following objects are masked from 'package:base':

    intersect, setdiff, setequal, union


Attaching package: 'dbplyr'

The following objects are masked from 'package:dplyr':

    ident, sql


Attaching package: 'lubridate'

The following objects are masked from 'package:base':

    date, intersect, setdiff, union

here() starts at C:/Users/oaolive/repos/stk-records-rankings

Attaching package: 'purrr'

The following object is masked from 'package:base':

    %||%

Warning messages:
1: package 'dbplyr' was built under R version 4.5.2 
2: package 'here' was built under R version 4.5.2 
3: package 'stringr' was built under R version 4.5.2 
running ap
running sp

Attaching package: 'dplyr'

The following objects are masked from 'package:stats':

    filter, lag

The following objects are masked from 'package:base':

    intersect, setdiff, setequal, union


Attaching package: 'dbplyr'

The following objects are masked from 'package:dplyr':

    ident, sql


Attaching package: 'lubridate'

The following objects are masked from 'package:base':

    date, intersect, setdiff, union

here() starts at C:/Users/oaolive/repos/stk-records-rankings

Attaching package: 'purrr'

The following object is masked from 'package:base':

    %||%

Warning messages:
1: package 'dbplyr' was built under R version 4.5.2 
2: package 'here' was built under R version 4.5.2 
3: package 'stringr' was built under R version 4.5.2 
running ap
running sp
